
> temp-app@0.1.0 build
> next build

Ôû▓ Next.js 16.1.6 (Turbopack)

  Creating an optimized production build ...
node.exe : Error: 
Cannot apply unknown 
utility class 
`border-border`. Are 
you using CSS 
modules or similar 
and missing 
`@reference`? https:/
/tailwindcss.com/docs
/functions-and-direct
ives#reference-direct
ive
At line:1 char:1
+ & "C:\Program Files
\nodejs/node.exe" 
"C:\Program 
Files\nodejs/node_mo 
...
+ ~~~~~~~~~~~~~~~~~~~
~~~~~~~~~~~~~~~~~~~~~
~~~~~~~~~~~~~~~~~~~~~
~~~~~~~~
    + CategoryInfo   
           : NotSpe  
  cified: (Error:    
 Cannot a...rence    
-directive:Strin    
g) [], RemoteExc    
eption
    + FullyQualified 
   ErrorId : Native  
  CommandError
 
    [2m[at 
onInvalidCandidate (C
:\Users\anees\Desktop
\greenlens\GreenLens\
node_modules\tailwind
css\dist\lib.js:21:13
14)][0m
    [2m[at Ee (C:\Us
ers\anees\Desktop\gre
enlens\GreenLens\node
_modules\tailwindcss\
dist\lib.js:16:37066)
][0m
    [2m[at C:\Users\
anees\Desktop\greenle
ns\GreenLens\node_mod
ules\tailwindcss\dist
\lib.js:21:355][0m
    [2m[at Pr (C:\Us
ers\anees\Desktop\gre
enlens\GreenLens\node
_modules\tailwindcss\
dist\lib.js:3:1733)]
[0m
    [2m[at _ (C:\Use
rs\anees\Desktop\gree
nlens\GreenLens\node_
modules\tailwindcss\d
ist\lib.js:3:1377)][
0m
    [2m[at Te (C:\Us
ers\anees\Desktop\gre
enlens\GreenLens\node
_modules\tailwindcss\
dist\lib.js:21:172)]
[0m
    [2m[at pn (C:\Us
ers\anees\Desktop\gre
enlens\GreenLens\node
_modules\tailwindcss\
dist\lib.js:38:294)]
[0m
    [2m[at process.p
rocessTicksAndRejecti
ons (node:internal/pr
ocess/task_queues:103
:5)][0m
    [2m[at async dn 
(C:\Users\anees\Deskt
op\greenlens\GreenLen
s\node_modules\tailwi
ndcss\dist\lib.js:38:
631)][0m
    [2m[at async Xr 
(C:\Users\anees\Deskt
op\greenlens\GreenLen
s\node_modules\@tailw
indcss\node\dist\inde
x.js:10:3417)][0m

> Build error 
occurred
Error: Turbopack 
build failed with 1 
errors:
./app/globals.css
Error evaluating 
Node.js code
CssSyntaxError: 
tailwindcss: C:\Users
\anees\Desktop\greenl
ens\GreenLens\app\glo
bals.css:1:1: Cannot 
apply unknown 
utility class 
`border-border`. Are 
you using CSS 
modules or similar 
and missing 
`@reference`? https:/
/tailwindcss.com/docs
/functions-and-direct
ives#reference-direct
ive
    at Input.error (n
ode_modules/postcss/l
ib/input.js:135:16) [
C:\Users\anees\Deskto
p\greenlens\GreenLens
\.next\build\chunks\n
ode_modules_fe693df6.
_.js:4651:22]
    at Root.error (no
de_modules/postcss/li
b/node.js:146:32) [C:
\Users\anees\Desktop\
greenlens\GreenLens\.
next\build\chunks\nod
e_modules_fe693df6._.
js:928:38]
    [at Object.Once (
C:\Users\anees\Deskto
p\greenlens\GreenLens
\node_modules\@tailwi
ndcss\postcss\dist\in
dex.js:10:6913)]
    [at process.proce
ssTicksAndRejections 
(node:internal/proces
s/task_queues:103:5)]
    at async 
LazyResult.runAsync (
node_modules/postcss/
lib/lazy-result.js:29
3:11) [C:\Users\anees
\Desktop\greenlens\Gr
eenLens\.next\build\c
hunks\node_modules_fe
693df6._.js:6206:21]
    at async 
transform (turbopack:
///[turbopack-node]/t
ransforms/postcss.ts:
70:34) [C:\Users\anee
s\Desktop\greenlens\G
reenLens\.next\build\
chunks\[root-of-the-s
erver]__51225daf._.js
:146:36]
    at async run (tur
bopack:///[turbopack-
node]/ipc/evaluate.ts
:92:23) [C:\Users\ane
es\Desktop\greenlens\
GreenLens\.next\build
\chunks\[root-of-the-
server]__974941ed._.j
s:443:31]

Import trace:
  Client Component 
Browser:
    
./app/globals.css 
[Client Component 
Browser]
    ./app/layout.tsx 
[Server Component]


    at async 
transform (turbopack:
///[turbopack-node]/t
ransforms/postcss.ts:
70:34) [C:\Users\anee
s\Desktop\greenlens\G
reenLens\.next\build\
chunks\[root-of-the-s
erver]__51225daf._.js
:146:36])
    at async run (tur
bopack:///[turbopack-
node]/ipc/evaluate.ts
:92:23) [C:\Users\ane
es\Desktop\greenlens\
GreenLens\.next\build
\chunks\[root-of-the-
server]__974941ed._.j
s:443:31])
